2024-12-30 22:11:53 - root - ERROR - [Thread-Worker-22] 2024-12-31에 '신치토세 공항'에서 '서울 전체'로 가는 노선 탐색 중 API 에러
2024-12-30 22:11:53 - root - INFO - [Thread-Worker-6] 작업 완료
2024-12-30 22:11:54 - root - INFO - [Thread-Worker-22] 작업 완료
2024-12-30 22:11:54 - root - ERROR - [Thread-Worker-3] 2024-12-31에 '서울 전체'에서 '간사이 국제공항'로 가는 노선 탐색 중 API 에러
2024-12-30 22:11:55 - root - INFO - [Thread-Worker-3] 작업 완료
2024-12-30 22:11:56 - root - INFO - [Thread-Worker-4] 2024-12-31에 '간사이 국제공항'에서 '서울 전체'로 가는 노선 데이터 수집 완료
처리된 항공권 일정 비율 : 1/24
소요 시간 : 0.14초
2024-12-30 22:11:57 - root - ERROR - [Thread-Worker-1] 2024-12-31에 '서울 전체'에서 '간사이 국제공항'로 가는 노선 탐색 중 API 에러
2024-12-30 22:11:57 - root - INFO - [Thread-Worker-4] 작업 완료
2024-12-30 22:11:58 - root - INFO - [Thread-Worker-1] 작업 완료
2024-12-30 22:12:00 - root - INFO - [Thread-Worker-2] 2024-12-31에 '간사이 국제공항'에서 '서울 전체'로 가는 노선 데이터 수집 완료
처리된 항공권 일정 비율 : 2/24
소요 시간 : 0.07초
2024-12-30 22:12:00 - root - ERROR - [Thread-Worker-20] 2024-12-31에 '주부 국제공항'에서 '서울 전체'로 가는 노선 탐색 중 API 에러
2024-12-30 22:12:01 - root - INFO - [Thread-Worker-2] 작업 완료
2024-12-30 22:12:01 - root - INFO - [Thread-Worker-20] 작업 완료
2024-12-30 22:12:04 - root - INFO - [Thread-Worker-8] 2024-12-31에 '후쿠오카 공항'에서 '서울 전체'로 가는 노선 데이터 수집 완료
처리된 항공권 일정 비율 : 3/24
소요 시간 : 0.03초
2024-12-30 22:12:05 - root - INFO - [Thread-Worker-8] 작업 완료
2024-12-30 22:12:08 - root - INFO - [Thread-Worker-23] 2024-12-31에 '서울 전체'에서 '신치토세 공항'로 가는 노선 데이터 수집 완료
처리된 항공권 일정 비율 : 4/24
소요 시간 : 0.06초
2024-12-30 22:12:09 - root - INFO - [Thread-Worker-23] 작업 완료
2024-12-30 22:12:11 - root - INFO - [Thread-Worker-24] 2024-12-31에 '서울 전체'에서 '주부 국제공항'로 가는 노선 데이터 수집 완료
처리된 항공권 일정 비율 : 5/24
소요 시간 : 0.05초
2024-12-30 22:12:12 - root - INFO - [Thread-Worker-24] 작업 완료
2024-12-30 22:12:13 - root - INFO - [Thread-Worker-17] 2024-12-31에 '주부 국제공항'에서 '서울 전체'로 가는 노선 데이터 수집 완료
처리된 항공권 일정 비율 : 6/24
소요 시간 : 0.03초
2024-12-30 22:12:13 - root - INFO - [Thread-Worker-17] 작업 완료
2024-12-30 22:12:14 - root - INFO - [Thread-Worker-11] 2024-12-31에 '도쿄 공항'에서 '서울 전체'로 가는 노선 데이터 수집 완료
처리된 항공권 일정 비율 : 7/24
소요 시간 : 0.06초
2024-12-30 22:12:15 - root - INFO - [Thread-Worker-11] 작업 완료
2024-12-30 22:12:16 - root - INFO - [Thread-Worker-16] 2024-12-31에 '나하 공항'에서 '서울 전체'로 가는 노선 데이터 수집 완료
처리된 항공권 일정 비율 : 8/24
소요 시간 : 0.04초
2024-12-30 22:12:17 - root - INFO - [Thread-Worker-16] 작업 완료
2024-12-30 22:12:18 - root - INFO - [Thread-Worker-15] 2024-12-31에 '서울 전체'에서 '나하 공항'로 가는 노선 데이터 수집 완료
처리된 항공권 일정 비율 : 9/24
소요 시간 : 0.03초
2024-12-30 22:12:18 - root - INFO - [Thread-Worker-21] 2024-12-31에 '서울 전체'에서 '신치토세 공항'로 가는 노선 데이터 수집 완료
처리된 항공권 일정 비율 : 10/24
소요 시간 : 0.04초
2024-12-30 22:12:19 - root - INFO - [Thread-Worker-15] 작업 완료
2024-12-30 22:12:19 - root - INFO - [Thread-Worker-21] 작업 완료
2024-12-30 22:12:25 - root - INFO - [Thread-Worker-7] 2024-12-31에 '후쿠오카 공항'에서 '서울 전체'로 가는 노선 데이터 수집 완료
처리된 항공권 일정 비율 : 11/24
소요 시간 : 0.04초
2024-12-30 22:12:26 - root - INFO - [Thread-Worker-7] 작업 완료
2024-12-30 22:12:33 - root - INFO - [Thread-Worker-14] 2024-12-31에 '나하 공항'에서 '서울 전체'로 가는 노선 데이터 수집 완료
처리된 항공권 일정 비율 : 12/24
소요 시간 : 0.14초
2024-12-30 22:12:34 - root - INFO - [Thread-Worker-14] 작업 완료
2024-12-30 22:12:43 - root - INFO - [Thread-Worker-13] 2024-12-31에 '서울 전체'에서 '나하 공항'로 가는 노선 데이터 수집 완료
처리된 항공권 일정 비율 : 13/24
소요 시간 : 0.05초
2024-12-30 22:12:44 - root - INFO - [Thread-Worker-13] 작업 완료
2024-12-30 22:13:08 - root - INFO - [Thread-Worker-19] 2024-12-31에 '서울 전체'에서 '주부 국제공항'로 가는 노선 데이터 수집 완료
처리된 항공권 일정 비율 : 14/24
소요 시간 : 0.09초
2024-12-30 22:13:09 - root - INFO - [Thread-Worker-19] 작업 완료
2024-12-30 22:13:09 - root - INFO - 


내일 출발 API 에러 리스트 재시도 1번째
2024-12-30 22:13:09 - root - INFO - api 오류난 항공권 일정 수 : 10
2024-12-30 22:13:14 - root - ERROR - [Thread-Worker-6] 2024-12-31에 '신치토세 공항'에서 '서울 전체'로 가는 노선 탐색 중 API 에러
2024-12-30 22:13:15 - root - INFO - [Thread-Worker-6] 작업 완료
2024-12-30 22:13:42 - root - ERROR - [Thread-Worker-7] 2024-12-31에 '서울 전체'에서 '후쿠오카 공항'로 가는 노선 탐색 중 API 에러
2024-12-30 22:13:43 - root - INFO - [Thread-Worker-7] 작업 완료
2024-12-30 22:13:46 - root - ERROR - [Thread-Worker-3] 2024-12-31에 '서울 전체'에서 '도쿄 공항'로 가는 노선 탐색 중 API 에러
2024-12-30 22:13:47 - root - INFO - [Thread-Worker-5] 2024-12-31에 '주부 국제공항'에서 '서울 전체'로 가는 노선 데이터 수집 완료
처리된 항공권 일정 비율 : 15/24
소요 시간 : 0.04초
2024-12-30 22:13:47 - root - INFO - [Thread-Worker-3] 작업 완료
2024-12-30 22:13:47 - root - ERROR - [Thread-Worker-8] 2024-12-31에 '서울 전체'에서 '후쿠오카 공항'로 가는 노선 탐색 중 API 에러
2024-12-30 22:13:47 - root - ERROR - [Thread-Worker-9] 2024-12-31에 '도쿄 공항'에서 '서울 전체'로 가는 노선 탐색 중 API 에러
2024-12-30 22:13:47 - root - INFO - [Thread-Worker-5] 작업 완료
2024-12-30 22:13:48 - root - INFO - [Thread-Worker-8] 작업 완료
2024-12-30 22:13:48 - root - ERROR - [Thread-Worker-10] 2024-12-31에 '신치토세 공항'에서 '서울 전체'로 가는 노선 탐색 중 API 에러
2024-12-30 22:13:48 - root - INFO - [Thread-Worker-9] 작업 완료
2024-12-30 22:13:49 - root - INFO - [Thread-Worker-10] 작업 완료
2024-12-30 22:14:07 - root - INFO - [Thread-Worker-2] 2024-12-31에 '서울 전체'에서 '간사이 국제공항'로 가는 노선 데이터 수집 완료
처리된 항공권 일정 비율 : 16/24
소요 시간 : 0.08초
2024-12-30 22:14:08 - root - INFO - [Thread-Worker-2] 작업 완료
2024-12-30 22:15:17 - root - INFO - [Thread-Worker-1] 2024-12-31에 '서울 전체'에서 '간사이 국제공항'로 가는 노선 데이터 수집 완료
처리된 항공권 일정 비율 : 17/24
소요 시간 : 0.13초
2024-12-30 22:15:18 - root - INFO - [Thread-Worker-1] 작업 완료
2024-12-30 22:15:21 - root - INFO - [Thread-Worker-4] 2024-12-31에 '서울 전체'에서 '도쿄 공항'로 가는 노선 데이터 수집 완료
처리된 항공권 일정 비율 : 18/24
소요 시간 : 0.09초
2024-12-30 22:15:21 - root - INFO - [Thread-Worker-4] 작업 완료
2024-12-30 22:15:22 - root - INFO - flight_info 큐를 성공적으로 플러시했습니다. (소요 시간 : 0.56초)
2024-12-30 22:15:23 - root - INFO - fare_info 큐를 성공적으로 플러시했습니다. (소요 시간 : 1.02초)
2024-12-30 22:15:24 - root - INFO - layover_info 큐를 성공적으로 플러시했습니다. (소요 시간 : 0.68초)
2024-12-30 22:15:24 - root - INFO - 전체 큐 플러시 소요 시간 : 2.26초
2024-12-30 22:15:24 - root - INFO - 


내일 출발 API 에러 리스트 재시도 2번째
2024-12-30 22:15:24 - root - INFO - api 오류난 항공권 일정 수 : 6
2024-12-30 22:15:48 - root - ERROR - [Thread-Worker-2] 2024-12-31에 '신치토세 공항'에서 '서울 전체'로 가는 노선 탐색 중 API 에러
2024-12-30 22:15:49 - root - INFO - [Thread-Worker-2] 작업 완료
2024-12-30 22:15:55 - root - ERROR - [Thread-Worker-5] 2024-12-31에 '서울 전체'에서 '도쿄 공항'로 가는 노선 탐색 중 API 에러
2024-12-30 22:15:56 - root - INFO - [Thread-Worker-5] 작업 완료
2024-12-30 22:15:58 - root - ERROR - [Thread-Worker-1] 2024-12-31에 '신치토세 공항'에서 '서울 전체'로 가는 노선 탐색 중 API 에러
2024-12-30 22:15:59 - root - INFO - [Thread-Worker-1] 작업 완료
2024-12-30 22:15:59 - root - ERROR - [Thread-Worker-3] 2024-12-31에 '서울 전체'에서 '후쿠오카 공항'로 가는 노선 탐색 중 API 에러
2024-12-30 22:16:00 - root - INFO - [Thread-Worker-3] 작업 완료
2024-12-30 22:16:03 - root - ERROR - [Thread-Worker-4] 2024-12-31에 '서울 전체'에서 '후쿠오카 공항'로 가는 노선 탐색 중 API 에러
2024-12-30 22:16:04 - root - INFO - [Thread-Worker-4] 작업 완료
2024-12-30 22:16:29 - root - ERROR - [Thread-Worker-6] 2024-12-31에 '도쿄 공항'에서 '서울 전체'로 가는 노선 탐색 중 API 에러
2024-12-30 22:16:30 - root - INFO - [Thread-Worker-6] 작업 완료
2024-12-30 22:16:30 - root - WARNING - flight_info 큐가 비어 있습니다.
2024-12-30 22:16:30 - root - WARNING - fare_info 큐가 비어 있습니다.
2024-12-30 22:16:30 - root - WARNING - layover_info 큐가 비어 있습니다.
2024-12-30 22:16:30 - root - INFO - 전체 큐 플러시 소요 시간 : 0.0초
2024-12-30 22:16:30 - root - INFO - 


내일 출발 API 에러 리스트 재시도 3번째
2024-12-30 22:16:30 - root - INFO - api 오류난 항공권 일정 수 : 6
2024-12-30 22:16:33 - root - ERROR - [Thread-Worker-6] 2024-12-31에 '도쿄 공항'에서 '서울 전체'로 가는 노선 탐색 중 API 에러
2024-12-30 22:16:34 - root - INFO - [Thread-Worker-6] 작업 완료
2024-12-30 22:16:36 - root - INFO - [Thread-Worker-2] 2024-12-31에 '신치토세 공항'에서 '서울 전체'로 가는 노선 데이터 수집 완료
처리된 항공권 일정 비율 : 19/24
소요 시간 : 0.01초
2024-12-30 22:16:36 - root - ERROR - [Thread-Worker-1] 2024-12-31에 '신치토세 공항'에서 '서울 전체'로 가는 노선 탐색 중 API 에러
2024-12-30 22:16:37 - root - ERROR - [Thread-Worker-5] 2024-12-31에 '서울 전체'에서 '도쿄 공항'로 가는 노선 탐색 중 API 에러
2024-12-30 22:16:37 - root - INFO - [Thread-Worker-2] 작업 완료
2024-12-30 22:16:37 - root - INFO - [Thread-Worker-1] 작업 완료
2024-12-30 22:16:38 - root - INFO - [Thread-Worker-5] 작업 완료
2024-12-30 22:16:43 - root - INFO - [Thread-Worker-4] 2024-12-31에 '서울 전체'에서 '후쿠오카 공항'로 가는 노선 데이터 수집 완료
처리된 항공권 일정 비율 : 20/24
소요 시간 : 0.04초
2024-12-30 22:16:44 - root - INFO - [Thread-Worker-4] 작업 완료
2024-12-30 22:17:34 - root - INFO - [Thread-Worker-3] 2024-12-31에 '서울 전체'에서 '후쿠오카 공항'로 가는 노선 데이터 수집 완료
처리된 항공권 일정 비율 : 21/24
소요 시간 : 0.08초
2024-12-30 22:17:35 - root - INFO - [Thread-Worker-3] 작업 완료
2024-12-30 22:17:35 - root - INFO - flight_info 큐를 성공적으로 플러시했습니다. (소요 시간 : 0.06초)
2024-12-30 22:17:35 - root - INFO - fare_info 큐를 성공적으로 플러시했습니다. (소요 시간 : 0.09초)
2024-12-30 22:17:35 - root - ERROR - 배치 쿼리 실행 오류: ON CONFLICT DO UPDATE command cannot affect row a second time
HINT:  Ensure that no rows proposed for insertion within the same command have duplicate constrained values.

2024-12-30 22:17:35 - root - ERROR - 실패한 쿼리: INSERT INTO layover_info (air_id, segment_id, layover_order, connect_time)
        VALUES %s
        ON CONFLICT (air_id, segment_id, layover_order) DO UPDATE
        SET            connect_time = EXCLUDED.connect_time
2024-12-30 22:17:35 - root - ERROR - 실패한 파라미터의 첫 번째 항목: ('20241231CTSHNDJL0516+20241231HNDGMPJL0095', '20241231CTSHNDJL0516', 0, 130)
2024-12-30 22:17:35 - root - ERROR - layover_info 큐 플러시 실패, 중복 요소 제거 후 재시도
2024-12-30 22:17:35 - root - INFO - layover_info 큐를 성공적으로 플러시했습니다. (소요 시간 : 0.06초)
2024-12-30 22:17:35 - root - ERROR - layover_info 큐 플러시 중 오류 발생
2024-12-30 22:17:35 - root - INFO - 


내일 출발 API 에러 리스트 재시도 4번째
2024-12-30 22:17:35 - root - INFO - api 오류난 항공권 일정 수 : 3
2024-12-30 22:17:39 - root - ERROR - [Thread-Worker-2] 2024-12-31에 '신치토세 공항'에서 '서울 전체'로 가는 노선 탐색 중 API 에러
2024-12-30 22:17:40 - root - INFO - [Thread-Worker-2] 작업 완료
2024-12-30 22:18:25 - root - INFO - [Thread-Worker-1] 2024-12-31에 '도쿄 공항'에서 '서울 전체'로 가는 노선 데이터 수집 완료
처리된 항공권 일정 비율 : 22/24
소요 시간 : 0.08초
2024-12-30 22:18:26 - root - INFO - [Thread-Worker-1] 작업 완료
2024-12-30 22:18:58 - root - INFO - [Thread-Worker-3] 2024-12-31에 '서울 전체'에서 '도쿄 공항'로 가는 노선 데이터 수집 완료
처리된 항공권 일정 비율 : 23/24
소요 시간 : 0.06초
2024-12-30 22:18:59 - root - INFO - [Thread-Worker-3] 작업 완료
2024-12-30 22:18:59 - root - INFO - flight_info 큐를 성공적으로 플러시했습니다. (소요 시간 : 0.05초)
2024-12-30 22:18:59 - root - INFO - fare_info 큐를 성공적으로 플러시했습니다. (소요 시간 : 0.05초)
2024-12-30 22:18:59 - root - INFO - layover_info 큐를 성공적으로 플러시했습니다. (소요 시간 : 0.03초)
2024-12-30 22:18:59 - root - INFO - 전체 큐 플러시 소요 시간 : 0.14초
2024-12-30 22:18:59 - root - INFO - 


내일 출발 API 에러 리스트 재시도 5번째
2024-12-30 22:18:59 - root - INFO - api 오류난 항공권 일정 수 : 1
2024-12-30 22:19:36 - root - INFO - [Thread-Worker-1] 2024-12-31에 '신치토세 공항'에서 '서울 전체'로 가는 노선 데이터 수집 완료
처리된 항공권 일정 비율 : 24/24
소요 시간 : 0.05초
2024-12-30 22:19:37 - root - INFO - [Thread-Worker-1] 작업 완료
2024-12-30 22:19:37 - root - INFO - flight_info 큐를 성공적으로 플러시했습니다. (소요 시간 : 0.03초)
2024-12-30 22:19:37 - root - INFO - fare_info 큐를 성공적으로 플러시했습니다. (소요 시간 : 0.04초)
2024-12-30 22:19:37 - root - INFO - layover_info 큐를 성공적으로 플러시했습니다. (소요 시간 : 0.03초)
2024-12-30 22:19:37 - root - INFO - 전체 큐 플러시 소요 시간 : 0.1초
2024-12-30 22:19:37 - root - INFO - 


내일 출발 항공권 수집이 완료되었습니다. 이제 나머지 기간의 항공권 수집을 시작합니다.



2024-12-30 22:19:38 - root - INFO - 나머지 기간 항공권 일정 조합 수 : 4320
2024-12-30 22:19:40 - root - ERROR - [Thread-Worker-3] 2025-01-04에 '간사이 국제공항'에서 '서울 전체'로 가는 노선 탐색 중 API 에러
2024-12-30 22:19:41 - root - ERROR - [Thread-Worker-21] 2025-01-04에 '간사이 국제공항'에서 '서울 전체'로 가는 노선 탐색 중 API 에러
2024-12-30 22:19:45 - root - ERROR - [Thread-Worker-18] 2024-12-31에 '간사이 국제공항'에서 '서울 전체'로 가는 노선 탐색 중 API 에러
2024-12-30 22:19:45 - root - ERROR - [Thread-Worker-30] 2025-01-01에 '간사이 국제공항'에서 '서울 전체'로 가는 노선 탐색 중 API 에러
2024-12-30 22:19:45 - root - ERROR - [Thread-Worker-28] 2025-01-01에 '간사이 국제공항'에서 '서울 전체'로 가는 노선 탐색 중 API 에러
2024-12-30 22:19:46 - root - ERROR - [Thread-Worker-20] 2024-12-31에 '간사이 국제공항'에서 '서울 전체'로 가는 노선 탐색 중 API 에러
2024-12-30 22:19:52 - root - ERROR - [Thread-Worker-4] 2025-01-03에 '간사이 국제공항'에서 '서울 전체'로 가는 노선 탐색 중 API 에러
2024-12-30 22:19:52 - root - ERROR - [Thread-Worker-18] 2025-01-08에 '서울 전체'에서 '간사이 국제공항'로 가는 노선 탐색 중 API 에러
2024-12-30 22:19:55 - root - ERROR - [Thread-Worker-28] 2025-01-08에 '서울 전체'에서 '간사이 국제공항'로 가는 노선 탐색 중 API 에러
2024-12-30 22:20:03 - root - INFO - [Thread-Worker-19] 2024-12-31에 '서울 전체'에서 '간사이 국제공항'로 가는 노선 데이터 수집 완료
처리된 항공권 일정 비율 : 25/4320
소요 시간 : 0.08초
2024-12-30 22:20:06 - root - INFO - flight_info 큐를 성공적으로 플러시했습니다. (소요 시간 : 0.06초)
2024-12-30 22:20:06 - root - INFO - fare_info 큐를 성공적으로 플러시했습니다. (소요 시간 : 0.02초)
2024-12-30 22:20:06 - root - INFO - layover_info 큐를 성공적으로 플러시했습니다. (소요 시간 : 0.04초)
2024-12-30 22:20:06 - root - INFO - 전체 큐 플러시 소요 시간 : 0.13초
2024-12-30 22:20:06 - root - INFO - [Thread-Worker-26] 2025-01-04에 '서울 전체'에서 '간사이 국제공항'로 가는 노선 데이터 수집 완료
처리된 항공권 일정 비율 : 26/4320
소요 시간 : 0.2초
2024-12-30 22:20:09 - root - ERROR - [Thread-Worker-26] 2025-01-10에 '서울 전체'에서 '간사이 국제공항'로 가는 노선 탐색 중 API 에러
2024-12-30 22:20:09 - root - ERROR - [Thread-Worker-24] 2025-01-03에 '서울 전체'에서 '간사이 국제공항'로 가는 노선 탐색 중 API 에러
2024-12-30 22:20:10 - root - ERROR - [Thread-Worker-12] 2025-01-06에 '간사이 국제공항'에서 '서울 전체'로 가는 노선 탐색 중 API 에러
2024-12-30 22:20:11 - root - ERROR - [Thread-Worker-22] 2025-01-05에 '간사이 국제공항'에서 '서울 전체'로 가는 노선 탐색 중 API 에러
2024-12-30 22:20:12 - root - ERROR - [Thread-Worker-11] 2025-01-05에 '서울 전체'에서 '간사이 국제공항'로 가는 노선 탐색 중 API 에러
2024-12-30 22:20:12 - root - ERROR - [Thread-Worker-8] 2025-01-06에 '서울 전체'에서 '간사이 국제공항'로 가는 노선 탐색 중 API 에러
2024-12-30 22:20:12 - root - ERROR - [Thread-Worker-3] 2025-01-07에 '서울 전체'에서 '간사이 국제공항'로 가는 노선 탐색 중 API 에러
2024-12-30 22:20:12 - root - ERROR - [Thread-Worker-24] 2025-01-10에 '서울 전체'에서 '간사이 국제공항'로 가는 노선 탐색 중 API 에러
2024-12-30 22:20:14 - root - ERROR - [Thread-Worker-9] 2025-01-06에 '서울 전체'에서 '간사이 국제공항'로 가는 노선 탐색 중 API 에러
2024-12-30 22:20:14 - root - ERROR - [Thread-Worker-10] 2025-01-07에 '서울 전체'에서 '간사이 국제공항'로 가는 노선 탐색 중 API 에러
2024-12-30 22:20:14 - root - ERROR - [Thread-Worker-21] 2025-01-07에 '간사이 국제공항'에서 '서울 전체'로 가는 노선 탐색 중 API 에러
2024-12-30 22:20:15 - root - ERROR - [Thread-Worker-2] 2025-01-03에 '서울 전체'에서 '간사이 국제공항'로 가는 노선 탐색 중 API 에러
2024-12-30 22:20:15 - root - ERROR - [Thread-Worker-4] 2025-01-09에 '서울 전체'에서 '간사이 국제공항'로 가는 노선 탐색 중 API 에러
2024-12-30 22:20:16 - root - INFO - [Thread-Worker-26] 2025-01-10에 '간사이 국제공항'에서 '서울 전체'로 가는 노선 데이터 수집 완료
처리된 항공권 일정 비율 : 27/4320
소요 시간 : 0.1초
2024-12-30 22:20:16 - root - INFO - [Thread-Worker-12] 2025-01-10에 '간사이 국제공항'에서 '서울 전체'로 가는 노선 데이터 수집 완료
처리된 항공권 일정 비율 : 28/4320
소요 시간 : 0.09초
2024-12-30 22:20:17 - root - ERROR - [Thread-Worker-7] 2025-01-05에 '서울 전체'에서 '간사이 국제공항'로 가는 노선 탐색 중 API 에러
2024-12-30 22:20:18 - root - ERROR - [Thread-Worker-14] 2025-01-05에 '간사이 국제공항'에서 '서울 전체'로 가는 노선 탐색 중 API 에러
2024-12-30 22:20:18 - root - ERROR - [Thread-Worker-15] 2025-01-06에 '간사이 국제공항'에서 '서울 전체'로 가는 노선 탐색 중 API 에러
2024-12-30 22:20:20 - root - ERROR - [Thread-Worker-1] 2025-01-07에 '간사이 국제공항'에서 '서울 전체'로 가는 노선 탐색 중 API 에러
2024-12-30 22:20:21 - root - ERROR - [Thread-Worker-10] 2025-01-12에 '서울 전체'에서 '간사이 국제공항'로 가는 노선 탐색 중 API 에러
2024-12-30 22:20:22 - root - ERROR - [Thread-Worker-30] 2025-01-08에 '간사이 국제공항'에서 '서울 전체'로 가는 노선 탐색 중 API 에러
2024-12-30 22:20:23 - root - ERROR - [Thread-Worker-2] 2025-01-13에 '서울 전체'에서 '간사이 국제공항'로 가는 노선 탐색 중 API 에러
2024-12-30 22:20:23 - root - INFO - [Thread-Worker-3] 2025-01-11에 '간사이 국제공항'에서 '서울 전체'로 가는 노선 데이터 수집 완료
처리된 항공권 일정 비율 : 29/4320
소요 시간 : 0.07초
2024-12-30 22:20:23 - root - INFO - [Thread-Worker-16] 2024-12-31에 '서울 전체'에서 '간사이 국제공항'로 가는 노선 데이터 수집 완료
처리된 항공권 일정 비율 : 30/4320
소요 시간 : 0.12초
2024-12-30 22:20:25 - root - INFO - [Thread-Worker-11] 2025-01-11에 '간사이 국제공항'에서 '서울 전체'로 가는 노선 데이터 수집 완료
처리된 항공권 일정 비율 : 31/4320
소요 시간 : 0.14초
2024-12-30 22:20:25 - root - INFO - [Thread-Worker-25] 2025-01-02에 '간사이 국제공항'에서 '서울 전체'로 가는 노선 데이터 수집 완료
처리된 항공권 일정 비율 : 32/4320
소요 시간 : 0.04초
2024-12-30 22:20:26 - root - ERROR - [Thread-Worker-20] 2025-01-08에 '간사이 국제공항'에서 '서울 전체'로 가는 노선 탐색 중 API 에러
2024-12-30 22:20:26 - root - ERROR - [Thread-Worker-3] 2025-01-15에 '간사이 국제공항'에서 '서울 전체'로 가는 노선 탐색 중 API 에러
2024-12-30 22:20:26 - root - ERROR - [Thread-Worker-21] 2025-01-12에 '간사이 국제공항'에서 '서울 전체'로 가는 노선 탐색 중 API 에러
2024-12-30 22:20:26 - root - ERROR - [Thread-Worker-8] 2025-01-11에 '서울 전체'에서 '간사이 국제공항'로 가는 노선 탐색 중 API 에러
2024-12-30 22:20:27 - root - INFO - [Thread-Worker-23] 2025-01-03에 '간사이 국제공항'에서 '서울 전체'로 가는 노선 데이터 수집 완료
처리된 항공권 일정 비율 : 33/4320
소요 시간 : 0.07초
2024-12-30 22:20:28 - root - ERROR - [Thread-Worker-18] 2025-01-09에 '간사이 국제공항'에서 '서울 전체'로 가는 노선 탐색 중 API 에러
2024-12-30 22:20:29 - root - ERROR - [Thread-Worker-7] 2025-01-14에 '서울 전체'에서 '간사이 국제공항'로 가는 노선 탐색 중 API 에러
2024-12-30 22:20:29 - root - ERROR - [Thread-Worker-12] 2025-01-13에 '간사이 국제공항'에서 '서울 전체'로 가는 노선 탐색 중 API 에러
2024-12-30 22:20:29 - root - ERROR - [Thread-Worker-15] 2025-01-14에 '서울 전체'에서 '간사이 국제공항'로 가는 노선 탐색 중 API 에러
2024-12-30 22:20:30 - root - ERROR - [Thread-Worker-10] 2025-01-15에 '서울 전체'에서 '간사이 국제공항'로 가는 노선 탐색 중 API 에러
2024-12-30 22:20:30 - root - ERROR - [Thread-Worker-26] 2025-01-13에 '서울 전체'에서 '간사이 국제공항'로 가는 노선 탐색 중 API 에러
2024-12-30 22:20:30 - root - ERROR - [Thread-Worker-30] 2025-01-15에 '간사이 국제공항'에서 '서울 전체'로 가는 노선 탐색 중 API 에러
2024-12-30 22:20:31 - root - ERROR - [Thread-Worker-3] 2025-01-17에 '서울 전체'에서 '간사이 국제공항'로 가는 노선 탐색 중 API 에러
2024-12-30 22:20:32 - root - ERROR - [Thread-Worker-28] 2025-01-09에 '서울 전체'에서 '간사이 국제공항'로 가는 노선 탐색 중 API 에러
2024-12-30 22:20:32 - root - ERROR - [Thread-Worker-25] 2025-01-16에 '서울 전체'에서 '간사이 국제공항'로 가는 노선 탐색 중 API 에러
2024-12-30 22:20:33 - root - ERROR - [Thread-Worker-26] 2025-01-19에 '간사이 국제공항'에서 '서울 전체'로 가는 노선 탐색 중 API 에러
2024-12-30 22:20:33 - root - ERROR - [Thread-Worker-3] 2025-01-19에 '간사이 국제공항'에서 '서울 전체'로 가는 노선 탐색 중 API 에러
2024-12-30 22:20:33 - root - ERROR - [Thread-Worker-8] 2025-01-17에 '서울 전체'에서 '간사이 국제공항'로 가는 노선 탐색 중 API 에러
2024-12-30 22:20:36 - root - ERROR - [Thread-Worker-11] 2025-01-16에 '간사이 국제공항'에서 '서울 전체'로 가는 노선 탐색 중 API 에러
2024-12-30 22:20:39 - root - ERROR - [Thread-Worker-19] 2025-01-09에 '간사이 국제공항'에서 '서울 전체'로 가는 노선 탐색 중 API 에러
2024-12-30 22:20:39 - root - ERROR - [Thread-Worker-10] 2025-01-19에 '서울 전체'에서 '간사이 국제공항'로 가는 노선 탐색 중 API 에러
2024-12-30 22:20:40 - root - ERROR - [Thread-Worker-30] 2025-01-19에 '서울 전체'에서 '간사이 국제공항'로 가는 노선 탐색 중 API 에러
2024-12-30 22:20:40 - root - INFO - [Thread-Worker-29] 2025-01-01에 '서울 전체'에서 '간사이 국제공항'로 가는 노선 데이터 수집 완료
처리된 항공권 일정 비율 : 34/4320
소요 시간 : 0.07초
2024-12-30 22:20:54 - root - INFO - [Thread-Worker-5] 2025-01-02에 '간사이 국제공항'에서 '서울 전체'로 가는 노선 데이터 수집 완료
처리된 항공권 일정 비율 : 35/4320
소요 시간 : 0.09초
2024-12-30 22:21:04 - root - INFO - [Thread-Worker-20] 2025-01-16에 '간사이 국제공항'에서 '서울 전체'로 가는 노선 데이터 수집 완료
처리된 항공권 일정 비율 : 36/4320
소요 시간 : 0.11초
2024-12-30 22:21:04 - root - ERROR - [Thread-Worker-12] 2025-01-18에 '서울 전체'에서 '간사이 국제공항'로 가는 노선 탐색 중 API 에러
2024-12-30 22:21:05 - root - ERROR - [Thread-Worker-3] 2025-01-20에 '간사이 국제공항'에서 '서울 전체'로 가는 노선 탐색 중 API 에러
2024-12-30 22:21:05 - root - ERROR - [Thread-Worker-18] 2025-01-18에 '서울 전체'에서 '간사이 국제공항'로 가는 노선 탐색 중 API 에러
2024-12-30 22:21:06 - root - ERROR - [Thread-Worker-26] 2025-01-20에 '서울 전체'에서 '간사이 국제공항'로 가는 노선 탐색 중 API 에러
2024-12-30 22:21:07 - root - ERROR - [Thread-Worker-8] 2025-01-21에 '서울 전체'에서 '간사이 국제공항'로 가는 노선 탐색 중 API 에러
2024-12-30 22:21:08 - root - ERROR - [Thread-Worker-25] 2025-01-20에 '간사이 국제공항'에서 '서울 전체'로 가는 노선 탐색 중 API 에러
2024-12-30 22:21:09 - root - INFO - [Thread-Worker-27] 2025-01-01에 '서울 전체'에서 '간사이 국제공항'로 가는 노선 데이터 수집 완료
처리된 항공권 일정 비율 : 37/4320
소요 시간 : 0.1초
2024-12-30 22:21:09 - root - ERROR - [Thread-Worker-28] 2025-01-20에 '서울 전체'에서 '간사이 국제공항'로 가는 노선 탐색 중 API 에러
2024-12-30 22:21:10 - root - INFO - [Thread-Worker-2] 2025-01-15에 '서울 전체'에서 '간사이 국제공항'로 가는 노선 데이터 수집 완료
처리된 항공권 일정 비율 : 38/4320
소요 시간 : 0.11초
2024-12-30 22:21:10 - root - ERROR - [Thread-Worker-11] 2025-01-21에 '간사이 국제공항'에서 '서울 전체'로 가는 노선 탐색 중 API 에러
2024-12-30 22:21:15 - root - ERROR - [Thread-Worker-19] 2025-01-21에 '서울 전체'에서 '간사이 국제공항'로 가는 노선 탐색 중 API 에러
2024-12-30 22:21:16 - root - INFO - [Thread-Worker-17] 2025-01-04에 '서울 전체'에서 '간사이 국제공항'로 가는 노선 데이터 수집 완료
처리된 항공권 일정 비율 : 39/4320
소요 시간 : 0.13초
2024-12-30 22:21:17 - root - INFO - flight_info 큐를 성공적으로 플러시했습니다. (소요 시간 : 0.72초)
2024-12-30 22:21:17 - root - ERROR - [Thread-Worker-30] 2025-01-22에 '서울 전체'에서 '간사이 국제공항'로 가는 노선 탐색 중 API 에러
2024-12-30 22:21:17 - root - ERROR - [Thread-Worker-2] 2025-01-25에 '서울 전체'에서 '간사이 국제공항'로 가는 노선 탐색 중 API 에러
2024-12-30 22:21:18 - root - INFO - fare_info 큐를 성공적으로 플러시했습니다. (소요 시간 : 1.41초)
2024-12-30 22:21:19 - root - INFO - layover_info 큐를 성공적으로 플러시했습니다. (소요 시간 : 0.7초)
2024-12-30 22:21:19 - root - INFO - 전체 큐 플러시 소요 시간 : 2.85초
2024-12-30 22:21:19 - root - INFO - [Thread-Worker-1] 2025-01-14에 '간사이 국제공항'에서 '서울 전체'로 가는 노선 데이터 수집 완료
처리된 항공권 일정 비율 : 40/4320
소요 시간 : 2.94초
2024-12-30 22:21:19 - root - INFO - [Thread-Worker-11] 2025-01-25에 '간사이 국제공항'에서 '서울 전체'로 가는 노선 데이터 수집 완료
처리된 항공권 일정 비율 : 41/4320
소요 시간 : 0.07초
2024-12-30 22:21:21 - root - ERROR - [Thread-Worker-29] 2025-01-22에 '간사이 국제공항'에서 '서울 전체'로 가는 노선 탐색 중 API 에러
2024-12-30 22:21:21 - root - ERROR - [Thread-Worker-19] 2025-01-25에 '서울 전체'에서 '간사이 국제공항'로 가는 노선 탐색 중 API 에러
2024-12-30 22:21:26 - root - ERROR - [Thread-Worker-10] 2025-01-21에 '간사이 국제공항'에서 '서울 전체'로 가는 노선 탐색 중 API 에러
2024-12-30 22:21:29 - root - INFO - [Thread-Worker-17] 2025-01-25에 '간사이 국제공항'에서 '서울 전체'로 가는 노선 데이터 수집 완료
처리된 항공권 일정 비율 : 42/4320
소요 시간 : 0.08초
2024-12-30 22:21:30 - root - ERROR - [Thread-Worker-1] 2025-01-26에 '서울 전체'에서 '간사이 국제공항'로 가는 노선 탐색 중 API 에러
2024-12-30 22:21:30 - root - INFO - [Thread-Worker-23] 2025-01-17에 '간사이 국제공항'에서 '서울 전체'로 가는 노선 데이터 수집 완료
처리된 항공권 일정 비율 : 43/4320
소요 시간 : 0.11초
2024-12-30 22:21:31 - root - INFO - [Thread-Worker-11] 2025-01-26에 '간사이 국제공항'에서 '서울 전체'로 가는 노선 데이터 수집 완료
처리된 항공권 일정 비율 : 44/4320
소요 시간 : 0.08초
2024-12-30 22:21:31 - root - ERROR - [Thread-Worker-29] 2025-01-27에 '서울 전체'에서 '간사이 국제공항'로 가는 노선 탐색 중 API 에러
2024-12-30 22:21:33 - root - ERROR - [Thread-Worker-10] 2025-01-27에 '서울 전체'에서 '간사이 국제공항'로 가는 노선 탐색 중 API 에러
2024-12-30 22:21:34 - root - INFO - [Thread-Worker-30] 2025-01-26에 '간사이 국제공항'에서 '서울 전체'로 가는 노선 데이터 수집 완료
처리된 항공권 일정 비율 : 45/4320
소요 시간 : 0.13초
2024-12-30 22:21:34 - root - ERROR - [Thread-Worker-5] 2025-01-22에 '서울 전체'에서 '간사이 국제공항'로 가는 노선 탐색 중 API 에러
2024-12-30 22:21:35 - root - ERROR - [Thread-Worker-2] 2025-01-26에 '서울 전체'에서 '간사이 국제공항'로 가는 노선 탐색 중 API 에러
2024-12-30 22:21:36 - root - ERROR - [Thread-Worker-11] 2025-01-28에 '서울 전체'에서 '간사이 국제공항'로 가는 노선 탐색 중 API 에러
2024-12-30 22:21:36 - root - ERROR - [Thread-Worker-19] 2025-01-27에 '간사이 국제공항'에서 '서울 전체'로 가는 노선 탐색 중 API 에러
2024-12-30 22:21:37 - root - ERROR - [Thread-Worker-12] 2025-01-23에 '서울 전체'에서 '간사이 국제공항'로 가는 노선 탐색 중 API 에러
2024-12-30 22:21:37 - root - ERROR - [Thread-Worker-3] 2025-01-23에 '간사이 국제공항'에서 '서울 전체'로 가는 노선 탐색 중 API 에러
2024-12-30 22:21:40 - root - ERROR - [Thread-Worker-23] 2025-01-28에 '서울 전체'에서 '간사이 국제공항'로 가는 노선 탐색 중 API 에러
2024-12-30 22:21:40 - root - ERROR - [Thread-Worker-3] 2025-01-30에 '간사이 국제공항'에서 '서울 전체'로 가는 노선 탐색 중 API 에러
2024-12-30 22:21:41 - root - ERROR - [Thread-Worker-26] 2025-01-23에 '간사이 국제공항'에서 '서울 전체'로 가는 노선 탐색 중 API 에러
2024-12-30 22:21:41 - root - ERROR - [Thread-Worker-18] 2025-01-23에 '서울 전체'에서 '간사이 국제공항'로 가는 노선 탐색 중 API 에러
2024-12-30 22:21:42 - root - ERROR - [Thread-Worker-20] 2025-01-22에 '간사이 국제공항'에서 '서울 전체'로 가는 노선 탐색 중 API 에러
2024-12-30 22:21:44 - root - ERROR - [Thread-Worker-25] 2025-01-24에 '간사이 국제공항'에서 '서울 전체'로 가는 노선 탐색 중 API 에러
2024-12-30 22:21:46 - root - INFO - [Thread-Worker-15] 2025-01-18에 '간사이 국제공항'에서 '서울 전체'로 가는 노선 데이터 수집 완료
처리된 항공권 일정 비율 : 46/4320
소요 시간 : 0.07초
2024-12-30 22:21:48 - root - ERROR - [Thread-Worker-17] 2025-01-27에 '간사이 국제공항'에서 '서울 전체'로 가는 노선 탐색 중 API 에러
2024-12-30 22:21:50 - root - ERROR - [Thread-Worker-19] 2025-01-30에 '간사이 국제공항'에서 '서울 전체'로 가는 노선 탐색 중 API 에러
2024-12-30 22:21:54 - root - ERROR - [Thread-Worker-18] 2025-01-31에 '간사이 국제공항'에서 '서울 전체'로 가는 노선 탐색 중 API 에러
2024-12-30 22:21:56 - root - ERROR - [Thread-Worker-8] 2025-01-24에 '서울 전체'에서 '간사이 국제공항'로 가는 노선 탐색 중 API 에러
2024-12-30 22:22:02 - root - ERROR - [Thread-Worker-28] 2025-01-24에 '간사이 국제공항'에서 '서울 전체'로 가는 노선 탐색 중 API 에러
2024-12-30 22:22:02 - root - INFO - [Thread-Worker-12] 2025-01-30에 '서울 전체'에서 '간사이 국제공항'로 가는 노선 데이터 수집 완료
처리된 항공권 일정 비율 : 47/4320
소요 시간 : 0.11초
2024-12-30 22:22:05 - root - ERROR - [Thread-Worker-27] 2025-01-24에 '서울 전체'에서 '간사이 국제공항'로 가는 노선 탐색 중 API 에러
2024-12-30 22:22:07 - root - ERROR - [Thread-Worker-9] 2025-01-12에 '간사이 국제공항'에서 '서울 전체'로 가는 노선 탐색 중 API 에러
2024-12-30 22:22:08 - root - ERROR - [Thread-Worker-27] 2025-02-03에 '간사이 국제공항'에서 '서울 전체'로 가는 노선 탐색 중 API 에러
2024-12-30 22:22:12 - root - ERROR - [Thread-Worker-27] 2025-02-03에 '간사이 국제공항'에서 '서울 전체'로 가는 노선 탐색 중 API 에러
2024-12-30 22:22:19 - root - ERROR - [Thread-Worker-28] 2025-02-02에 '간사이 국제공항'에서 '서울 전체'로 가는 노선 탐색 중 API 에러
2024-12-30 22:22:25 - root - INFO - [Thread-Worker-21] 2025-01-17에 '간사이 국제공항'에서 '서울 전체'로 가는 노선 데이터 수집 완료
처리된 항공권 일정 비율 : 48/4320
소요 시간 : 0.17초
2024-12-30 22:22:26 - root - ERROR - [Thread-Worker-19] 2025-02-02에 '서울 전체'에서 '간사이 국제공항'로 가는 노선 탐색 중 API 에러
2024-12-30 22:22:30 - root - ERROR - [Thread-Worker-8] 2025-02-02에 '서울 전체'에서 '간사이 국제공항'로 가는 노선 탐색 중 API 에러
2024-12-30 22:22:30 - root - INFO - [Thread-Worker-26] 2025-01-31에 '서울 전체'에서 '간사이 국제공항'로 가는 노선 데이터 수집 완료
처리된 항공권 일정 비율 : 49/4320
소요 시간 : 0.12초
2024-12-30 22:22:31 - root - INFO - [Thread-Worker-17] 2025-02-01에 '간사이 국제공항'에서 '서울 전체'로 가는 노선 데이터 수집 완료
처리된 항공권 일정 비율 : 50/4320
소요 시간 : 0.1초
2024-12-30 22:22:31 - root - INFO - [Thread-Worker-4] 2025-01-13에 '간사이 국제공항'에서 '서울 전체'로 가는 노선 데이터 수집 완료
처리된 항공권 일정 비율 : 51/4320
소요 시간 : 0.16초
2024-12-30 22:22:40 - root - INFO - flight_info 큐를 성공적으로 플러시했습니다. (소요 시간 : 0.75초)
2024-12-30 22:22:41 - root - INFO - fare_info 큐를 성공적으로 플러시했습니다. (소요 시간 : 1.39초)
2024-12-30 22:22:41 - root - ERROR - 배치 쿼리 실행 오류: ON CONFLICT DO UPDATE command cannot affect row a second time
HINT:  Ensure that no rows proposed for insertion within the same command have duplicate constrained values.

2024-12-30 22:22:41 - root - ERROR - 실패한 쿼리: INSERT INTO layover_info (air_id, segment_id, layover_order, connect_time)
        VALUES %s
        ON CONFLICT (air_id, segment_id, layover_order) DO UPDATE
        SET            connect_time = EXCLUDED.connect_time
2024-12-30 22:22:41 - root - ERROR - 실패한 파라미터의 첫 번째 항목: ('20250125KIXHNDJL0224+20250125HNDGMPJL0095', '20250125KIXHNDJL0224', 0, 210)
2024-12-30 22:22:41 - root - ERROR - layover_info 큐 플러시 실패, 중복 요소 제거 후 재시도
2024-12-30 22:22:42 - root - INFO - layover_info 큐를 성공적으로 플러시했습니다. (소요 시간 : 0.65초)
2024-12-30 22:22:42 - root - ERROR - layover_info 큐 플러시 중 오류 발생
2024-12-30 22:22:42 - root - INFO - [Thread-Worker-29] 2025-01-28에 '간사이 국제공항'에서 '서울 전체'로 가는 노선 데이터 수집 완료
처리된 항공권 일정 비율 : 52/4320
소요 시간 : 2.88초
2024-12-30 22:22:45 - root - ERROR - [Thread-Worker-27] 2025-02-04에 '서울 전체'에서 '간사이 국제공항'로 가는 노선 탐색 중 API 에러
2024-12-30 22:22:56 - root - ERROR - [Thread-Worker-28] 2025-02-04에 '간사이 국제공항'에서 '서울 전체'로 가는 노선 탐색 중 API 에러
2024-12-30 22:22:57 - root - INFO - [Thread-Worker-2] 2025-01-29에 '간사이 국제공항'에서 '서울 전체'로 가는 노선 데이터 수집 완료
처리된 항공권 일정 비율 : 53/4320
소요 시간 : 0.11초
2024-12-30 22:22:57 - root - ERROR - [Thread-Worker-21] 2025-02-04에 '서울 전체'에서 '간사이 국제공항'로 가는 노선 탐색 중 API 에러
2024-12-30 22:22:59 - root - INFO - [Thread-Worker-7] 2025-01-18에 '간사이 국제공항'에서 '서울 전체'로 가는 노선 데이터 수집 완료
처리된 항공권 일정 비율 : 54/4320
소요 시간 : 0.1초
2024-12-30 22:23:02 - root - INFO - [Thread-Worker-14] 2025-01-14에 '간사이 국제공항'에서 '서울 전체'로 가는 노선 데이터 수집 완료
처리된 항공권 일정 비율 : 55/4320
소요 시간 : 0.19초
2024-12-30 22:23:02 - root - ERROR - [Thread-Worker-19] 2025-02-04에 '간사이 국제공항'에서 '서울 전체'로 가는 노선 탐색 중 API 에러
2024-12-30 22:23:03 - root - INFO - [Thread-Worker-25] 2025-02-01에 '간사이 국제공항'에서 '서울 전체'로 가는 노선 데이터 수집 완료
처리된 항공권 일정 비율 : 56/4320
소요 시간 : 0.18초
2024-12-30 22:23:03 - root - ERROR - [Thread-Worker-26] 2025-02-05에 '서울 전체'에서 '간사이 국제공항'로 가는 노선 탐색 중 API 에러
2024-12-30 22:23:04 - root - ERROR - [Thread-Worker-22] 2025-01-11에 '서울 전체'에서 '간사이 국제공항'로 가는 노선 탐색 중 API 에러
2024-12-30 22:23:05 - root - ERROR - [Thread-Worker-8] 2025-02-05에 '간사이 국제공항'에서 '서울 전체'로 가는 노선 탐색 중 API 에러
2024-12-30 22:23:07 - root - INFO - [Thread-Worker-13] 2025-01-02에 '서울 전체'에서 '간사이 국제공항'로 가는 노선 데이터 수집 완료
처리된 항공권 일정 비율 : 57/4320
소요 시간 : 0.1초
2024-12-30 22:23:09 - root - ERROR - [Thread-Worker-4] 2025-02-05에 '간사이 국제공항'에서 '서울 전체'로 가는 노선 탐색 중 API 에러
2024-12-30 22:23:10 - root - INFO - [Thread-Worker-3] 2025-01-31에 '간사이 국제공항'에서 '서울 전체'로 가는 노선 데이터 수집 완료
처리된 항공권 일정 비율 : 58/4320
소요 시간 : 0.16초
2024-12-30 22:23:11 - root - ERROR - [Thread-Worker-17] 2025-02-05에 '서울 전체'에서 '간사이 국제공항'로 가는 노선 탐색 중 API 에러
2024-12-30 22:23:13 - root - ERROR - [Thread-Worker-3] 2025-02-09에 '서울 전체'에서 '간사이 국제공항'로 가는 노선 탐색 중 API 에러
2024-12-30 22:23:15 - root - INFO - [Thread-Worker-9] 2025-02-03에 '서울 전체'에서 '간사이 국제공항'로 가는 노선 데이터 수집 완료
처리된 항공권 일정 비율 : 59/4320
소요 시간 : 0.1초
2024-12-30 22:23:16 - root - ERROR - [Thread-Worker-13] 2025-02-09에 '서울 전체'에서 '간사이 국제공항'로 가는 노선 탐색 중 API 에러
2024-12-30 22:23:18 - root - ERROR - [Thread-Worker-27] 2025-02-06에 '간사이 국제공항'에서 '서울 전체'로 가는 노선 탐색 중 API 에러
2024-12-30 22:23:18 - root - ERROR - [Thread-Worker-29] 2025-02-06에 '서울 전체'에서 '간사이 국제공항'로 가는 노선 탐색 중 API 에러
2024-12-30 22:23:18 - root - INFO - [Thread-Worker-4] 2025-02-09에 '간사이 국제공항'에서 '서울 전체'로 가는 노선 데이터 수집 완료
처리된 항공권 일정 비율 : 60/4320
소요 시간 : 0.1초
2024-12-30 22:23:24 - root - ERROR - [Thread-Worker-3] 2025-02-10에 '서울 전체'에서 '간사이 국제공항'로 가는 노선 탐색 중 API 에러
2024-12-30 22:23:24 - root - INFO - [Thread-Worker-17] 2025-02-09에 '간사이 국제공항'에서 '서울 전체'로 가는 노선 데이터 수집 완료
처리된 항공권 일정 비율 : 61/4320
소요 시간 : 0.06초
2024-12-30 22:23:25 - root - INFO - flight_info 큐를 성공적으로 플러시했습니다. (소요 시간 : 0.5초)
2024-12-30 22:23:26 - root - INFO - fare_info 큐를 성공적으로 플러시했습니다. (소요 시간 : 1.28초)
2024-12-30 22:23:27 - root - INFO - layover_info 큐를 성공적으로 플러시했습니다. (소요 시간 : 0.49초)
2024-12-30 22:23:27 - root - INFO - 전체 큐 플러시 소요 시간 : 2.27초
2024-12-30 22:23:27 - root - INFO - [Thread-Worker-11] 2025-01-30에 '서울 전체'에서 '간사이 국제공항'로 가는 노선 데이터 수집 완료
처리된 항공권 일정 비율 : 62/4320
소요 시간 : 2.47초
2024-12-30 22:23:28 - root - ERROR - [Thread-Worker-19] 2025-02-07에 '간사이 국제공항'에서 '서울 전체'로 가는 노선 탐색 중 API 에러
2024-12-30 22:23:30 - root - INFO - [Thread-Worker-27] 2025-02-10에 '간사이 국제공항'에서 '서울 전체'로 가는 노선 데이터 수집 완료
처리된 항공권 일정 비율 : 63/4320
소요 시간 : 0.1초
2024-12-30 22:23:30 - root - INFO - [Thread-Worker-9] 2025-02-10에 '간사이 국제공항'에서 '서울 전체'로 가는 노선 데이터 수집 완료
처리된 항공권 일정 비율 : 64/4320
소요 시간 : 0.14초
2024-12-30 22:23:30 - root - ERROR - [Thread-Worker-4] 2025-02-11에 '서울 전체'에서 '간사이 국제공항'로 가는 노선 탐색 중 API 에러
2024-12-30 22:23:31 - root - ERROR - [Thread-Worker-21] 2025-02-07에 '서울 전체'에서 '간사이 국제공항'로 가는 노선 탐색 중 API 에러
2024-12-30 22:23:33 - root - ERROR - [Thread-Worker-28] 2025-02-06에 '서울 전체'에서 '간사이 국제공항'로 가는 노선 탐색 중 API 에러
2024-12-30 22:23:33 - root - INFO - [Thread-Worker-1] 2025-01-28에 '간사이 국제공항'에서 '서울 전체'로 가는 노선 데이터 수집 완료
처리된 항공권 일정 비율 : 65/4320
소요 시간 : 0.13초
2024-12-30 22:23:35 - root - ERROR - [Thread-Worker-21] 2025-02-13에 '간사이 국제공항'에서 '서울 전체'로 가는 노선 탐색 중 API 에러
2024-12-30 22:23:35 - root - ERROR - [Thread-Worker-19] 2025-02-12에 '간사이 국제공항'에서 '서울 전체'로 가는 노선 탐색 중 API 에러
2024-12-30 22:23:36 - root - ERROR - [Thread-Worker-26] 2025-02-08에 '간사이 국제공항'에서 '서울 전체'로 가는 노선 탐색 중 API 에러
2024-12-30 22:23:37 - root - ERROR - [Thread-Worker-22] 2025-02-08에 '서울 전체'에서 '간사이 국제공항'로 가는 노선 탐색 중 API 에러
2024-12-30 22:23:38 - root - ERROR - [Thread-Worker-7] 2025-02-07에 '간사이 국제공항'에서 '서울 전체'로 가는 노선 탐색 중 API 에러
2024-12-30 22:23:39 - root - ERROR - [Thread-Worker-2] 2025-02-06에 '간사이 국제공항'에서 '서울 전체'로 가는 노선 탐색 중 API 에러
2024-12-30 22:23:41 - root - ERROR - [Thread-Worker-14] 2025-02-07에 '서울 전체'에서 '간사이 국제공항'로 가는 노선 탐색 중 API 에러
2024-12-30 22:23:42 - root - ERROR - [Thread-Worker-1] 2025-02-13에 '간사이 국제공항'에서 '서울 전체'로 가는 노선 탐색 중 API 에러
2024-12-30 22:23:42 - root - ERROR - [Thread-Worker-25] 2025-02-08에 '서울 전체'에서 '간사이 국제공항'로 가는 노선 탐색 중 API 에러
2024-12-30 22:23:42 - root - ERROR - [Thread-Worker-19] 2025-02-14에 '간사이 국제공항'에서 '서울 전체'로 가는 노선 탐색 중 API 에러
2024-12-30 22:23:43 - root - ERROR - [Thread-Worker-17] 2025-02-11에 '간사이 국제공항'에서 '서울 전체'로 가는 노선 탐색 중 API 에러
2024-12-30 22:23:45 - root - INFO - [Thread-Worker-5] 2025-01-29에 '서울 전체'에서 '간사이 국제공항'로 가는 노선 데이터 수집 완료
처리된 항공권 일정 비율 : 66/4320
소요 시간 : 0.1초
2024-12-30 22:23:47 - root - INFO - total_proxy_map.json
2024-12-30 22:23:47 - root - INFO - 데이터베이스에 연결되었습니다.
2024-12-30 22:23:47 - root - INFO - 수집 날짜:2024-12-30
2024-12-30 22:23:47 - root - INFO - 남은 프록시 서버 수 : 30
2024-12-30 22:23:47 - root - INFO - 


내일 출발 항공권 수집을 시작합니다.



2024-12-30 22:23:47 - root - INFO - 내일 출발 항공권 일정 조합 수 : 24
2024-12-30 22:23:48 - root - INFO - [Thread-Worker-16] 작업 완료
2024-12-30 22:23:48 - root - INFO - [Thread-Worker-26] 작업 완료
2024-12-30 22:23:48 - root - INFO - [Thread-Worker-25] 작업 완료
2024-12-30 22:23:48 - root - INFO - [Thread-Worker-27] 작업 완료
2024-12-30 22:23:48 - root - INFO - [Thread-Worker-29] 작업 완료
2024-12-30 22:23:48 - root - INFO - [Thread-Worker-28] 작업 완료
2024-12-30 22:23:56 - root - ERROR - [Thread-Worker-5] 2024-12-31에 '서울 전체'에서 '간사이 국제공항'로 가는 노선 탐색 중 API 에러
2024-12-30 22:23:57 - root - INFO - [Thread-Worker-5] 작업 완료
2024-12-30 22:23:58 - root - ERROR - [Thread-Worker-14] 2024-12-31에 '서울 전체'에서 '도쿄 공항'로 가는 노선 탐색 중 API 에러
2024-12-30 22:23:59 - root - INFO - [Thread-Worker-3] 2024-12-31에 '간사이 국제공항'에서 '서울 전체'로 가는 노선 데이터 수집 완료
처리된 항공권 일정 비율 : 1/24
소요 시간 : 0.13초
2024-12-30 22:23:59 - root - INFO - [Thread-Worker-7] 2024-12-31에 '간사이 국제공항'에서 '서울 전체'로 가는 노선 데이터 수집 완료
처리된 항공권 일정 비율 : 2/24
소요 시간 : 0.07초
2024-12-30 22:23:59 - root - ERROR - [Thread-Worker-24] 2024-12-31에 '신치토세 공항'에서 '서울 전체'로 가는 노선 탐색 중 API 에러
2024-12-30 22:23:59 - root - INFO - [Thread-Worker-14] 작업 완료
2024-12-30 22:23:59 - root - INFO - [Thread-Worker-3] 작업 완료
2024-12-30 22:24:00 - root - INFO - [Thread-Worker-7] 작업 완료
2024-12-30 22:24:00 - root - INFO - [Thread-Worker-24] 작업 완료
2024-12-30 22:24:01 - root - ERROR - [Thread-Worker-9] 2024-12-31에 '서울 전체'에서 '후쿠오카 공항'로 가는 노선 탐색 중 API 에러
2024-12-30 22:24:02 - root - ERROR - [Thread-Worker-23] 2024-12-31에 '나하 공항'에서 '서울 전체'로 가는 노선 탐색 중 API 에러
2024-12-30 22:24:02 - root - ERROR - [Thread-Worker-20] 2024-12-31에 '서울 전체'에서 '도쿄 공항'로 가는 노선 탐색 중 API 에러
2024-12-30 22:24:02 - root - INFO - [Thread-Worker-9] 작업 완료
2024-12-30 22:24:03 - root - INFO - [Thread-Worker-23] 작업 완료
2024-12-30 22:24:03 - root - INFO - [Thread-Worker-20] 작업 완료
2024-12-30 22:24:03 - root - ERROR - [Thread-Worker-2] 2024-12-31에 '나하 공항'에서 '서울 전체'로 가는 노선 탐색 중 API 에러
2024-12-30 22:24:04 - root - INFO - [Thread-Worker-2] 작업 완료
2024-12-30 22:24:07 - root - ERROR - [Thread-Worker-11] 2024-12-31에 '서울 전체'에서 '주부 국제공항'로 가는 노선 탐색 중 API 에러
2024-12-30 22:24:08 - root - ERROR - [Thread-Worker-13] 2024-12-31에 '서울 전체'에서 '주부 국제공항'로 가는 노선 탐색 중 API 에러
2024-12-30 22:24:08 - root - ERROR - [Thread-Worker-1] 2024-12-31에 '도쿄 공항'에서 '서울 전체'로 가는 노선 탐색 중 API 에러
2024-12-30 22:24:08 - root - INFO - [Thread-Worker-11] 작업 완료
2024-12-30 22:24:08 - root - INFO - [Thread-Worker-10] 2024-12-31에 '신치토세 공항'에서 '서울 전체'로 가는 노선 데이터 수집 완료
처리된 항공권 일정 비율 : 3/24
소요 시간 : 0.04초
2024-12-30 22:24:08 - root - INFO - [Thread-Worker-22] 2024-12-31에 '후쿠오카 공항'에서 '서울 전체'로 가는 노선 데이터 수집 완료
처리된 항공권 일정 비율 : 4/24
소요 시간 : 0.04초
2024-12-30 22:24:09 - root - INFO - [Thread-Worker-13] 작업 완료
2024-12-30 22:24:09 - root - INFO - [Thread-Worker-1] 작업 완료
2024-12-30 22:24:09 - root - INFO - [Thread-Worker-10] 작업 완료
2024-12-30 22:24:09 - root - INFO - [Thread-Worker-22] 작업 완료
2024-12-30 22:24:10 - root - ERROR - [Thread-Worker-19] 2024-12-31에 '도쿄 공항'에서 '서울 전체'로 가는 노선 탐색 중 API 에러
2024-12-30 22:24:11 - root - INFO - [Thread-Worker-19] 작업 완료
2024-12-30 22:24:13 - root - INFO - [Thread-Worker-15] 2024-12-31에 '서울 전체'에서 '신치토세 공항'로 가는 노선 데이터 수집 완료
처리된 항공권 일정 비율 : 5/24
소요 시간 : 0.1초
2024-12-30 22:24:14 - root - INFO - [Thread-Worker-15] 작업 완료
2024-12-30 22:24:14 - root - INFO - [Thread-Worker-6] 2024-12-31에 '서울 전체'에서 '나하 공항'로 가는 노선 데이터 수집 완료
처리된 항공권 일정 비율 : 6/24
소요 시간 : 0.03초
2024-12-30 22:24:15 - root - INFO - [Thread-Worker-6] 작업 완료
2024-12-30 22:24:16 - root - INFO - [Thread-Worker-18] 2024-12-31에 '서울 전체'에서 '신치토세 공항'로 가는 노선 데이터 수집 완료
처리된 항공권 일정 비율 : 7/24
소요 시간 : 0.05초
2024-12-30 22:24:17 - root - INFO - [Thread-Worker-18] 작업 완료
2024-12-30 22:24:21 - root - INFO - [Thread-Worker-12] 2024-12-31에 '주부 국제공항'에서 '서울 전체'로 가는 노선 데이터 수집 완료
처리된 항공권 일정 비율 : 8/24
소요 시간 : 0.07초
2024-12-30 22:24:22 - root - INFO - [Thread-Worker-17] 2024-12-31에 '주부 국제공항'에서 '서울 전체'로 가는 노선 데이터 수집 완료
처리된 항공권 일정 비율 : 9/24
소요 시간 : 0.03초
2024-12-30 22:24:22 - root - INFO - [Thread-Worker-12] 작업 완료
2024-12-30 22:24:23 - root - INFO - [Thread-Worker-17] 작업 완료
2024-12-30 22:24:28 - root - INFO - [Thread-Worker-30] 2024-12-31에 '서울 전체'에서 '간사이 국제공항'로 가는 노선 데이터 수집 완료
처리된 항공권 일정 비율 : 10/24
소요 시간 : 0.05초
2024-12-30 22:24:29 - root - INFO - [Thread-Worker-30] 작업 완료
2024-12-30 22:24:29 - root - INFO - [Thread-Worker-8] 2024-12-31에 '후쿠오카 공항'에서 '서울 전체'로 가는 노선 데이터 수집 완료
처리된 항공권 일정 비율 : 11/24
소요 시간 : 0.08초
2024-12-30 22:24:30 - root - INFO - [Thread-Worker-21] 2024-12-31에 '서울 전체'에서 '나하 공항'로 가는 노선 데이터 수집 완료
처리된 항공권 일정 비율 : 12/24
소요 시간 : 0.06초
2024-12-30 22:24:30 - root - INFO - [Thread-Worker-8] 작업 완료
2024-12-30 22:24:31 - root - INFO - [Thread-Worker-21] 작업 완료
2024-12-30 22:25:01 - root - INFO - [Thread-Worker-4] 2024-12-31에 '서울 전체'에서 '후쿠오카 공항'로 가는 노선 데이터 수집 완료
처리된 항공권 일정 비율 : 13/24
소요 시간 : 0.09초
2024-12-30 22:25:02 - root - INFO - [Thread-Worker-4] 작업 완료
2024-12-30 22:25:02 - root - INFO - 


내일 출발 API 에러 리스트 재시도 1번째
2024-12-30 22:25:02 - root - INFO - api 오류난 항공권 일정 수 : 11
2024-12-30 22:25:03 - root - ERROR - [Thread-Worker-6] 2024-12-31에 '도쿄 공항'에서 '서울 전체'로 가는 노선 탐색 중 API 에러
2024-12-30 22:25:04 - root - INFO - [Thread-Worker-6] 작업 완료
2024-12-30 22:25:09 - root - ERROR - [Thread-Worker-4] 2024-12-31에 '나하 공항'에서 '서울 전체'로 가는 노선 탐색 중 API 에러
2024-12-30 22:25:10 - root - INFO - [Thread-Worker-4] 작업 완료
2024-12-30 22:25:38 - root - ERROR - [Thread-Worker-3] 2024-12-31에 '서울 전체'에서 '주부 국제공항'로 가는 노선 탐색 중 API 에러
2024-12-30 22:25:38 - root - ERROR - [Thread-Worker-9] 2024-12-31에 '서울 전체'에서 '후쿠오카 공항'로 가는 노선 탐색 중 API 에러
2024-12-30 22:25:39 - root - INFO - [Thread-Worker-2] 2024-12-31에 '도쿄 공항'에서 '서울 전체'로 가는 노선 데이터 수집 완료
처리된 항공권 일정 비율 : 14/24
소요 시간 : 0.08초
2024-12-30 22:25:39 - root - INFO - [Thread-Worker-3] 작업 완료
2024-12-30 22:25:39 - root - ERROR - [Thread-Worker-8] 2024-12-31에 '나하 공항'에서 '서울 전체'로 가는 노선 탐색 중 API 에러
2024-12-30 22:25:39 - root - INFO - [Thread-Worker-9] 작업 완료
2024-12-30 22:25:39 - root - INFO - [Thread-Worker-2] 작업 완료
2024-12-30 22:25:40 - root - INFO - [Thread-Worker-8] 작업 완료
2024-12-30 22:25:41 - root - ERROR - [Thread-Worker-7] 2024-12-31에 '서울 전체'에서 '주부 국제공항'로 가는 노선 탐색 중 API 에러
2024-12-30 22:25:41 - root - ERROR - [Thread-Worker-11] 2024-12-31에 '서울 전체'에서 '도쿄 공항'로 가는 노선 탐색 중 API 에러
2024-12-30 22:25:42 - root - INFO - [Thread-Worker-7] 작업 완료
2024-12-30 22:25:42 - root - INFO - [Thread-Worker-11] 작업 완료
2024-12-30 22:25:53 - root - ERROR - [Thread-Worker-10] 2024-12-31에 '신치토세 공항'에서 '서울 전체'로 가는 노선 탐색 중 API 에러
2024-12-30 22:25:54 - root - INFO - [Thread-Worker-10] 작업 완료
2024-12-30 22:26:18 - root - INFO - [Thread-Worker-5] 2024-12-31에 '서울 전체'에서 '도쿄 공항'로 가는 노선 데이터 수집 완료
처리된 항공권 일정 비율 : 15/24
소요 시간 : 0.13초
2024-12-30 22:26:19 - root - INFO - [Thread-Worker-5] 작업 완료
